// Vitest Snapshot v1, https://vitest.dev/guide/snapshot.html

exports[`<Pagination /> > should match snapshot 1`] = `
<div>
  <nav
    aria-label="Table pagination"
    class="flex shrink-0 gap-12 w-full text-sm text-gray-500 items-center justify-start"
  >
    <div
      class="flex items-center gap-2"
    >
      <span>
        Rows per page: 
      </span>
      <select
        aria-label="Rows per page"
        aria-valuenow="10"
      >
        <option
          value="5"
        >
          5
        </option>
        <option
          value="10"
        >
          10
        </option>
        <option
          value="25"
        >
          25
        </option>
        <option
          value="50"
        >
          50
        </option>
        <option
          value="100"
        >
          100
        </option>
      </select>
    </div>
    <div
      class="flex items-center gap-2"
    >
      <span
        role="status"
      >
        1
         -
         
        10
         of
         
        50
      </span>
      <button
        aria-label="Previous page"
        class="text-xl cursor-pointer mr-2 disabled:opacity-50 disabled:cursor-not-allowed"
        disabled=""
      >
        ‹
      </button>
      <button
        aria-label="Next page"
        class="text-xl cursor-pointer disabled:opacity-50 disabled:cursor-not-allowed"
      >
        ›
      </button>
    </div>
  </nav>
</div>
`;
