// Vitest Snapshot v1, https://vitest.dev/guide/snapshot.html

exports[`<TableHead /> > should match snapshot 1`] = `
<div>
  <table>
    <thead>
      <tr>
        <th
          aria-sort="other"
          class="p-0 text-left text-xs font-medium text-gray-500 capitalize tracking-wider sticky top-0 z-10 shadow-[inset_0_-1px_0] shadow-[#E2E8F0] border-r last:border-r-0 border-[#E2E8F0] bg-white hover:bg-gray-100 transition-colors duration-200 ease-in-out"
          scope="col"
        >
          ID
        </th>
        <th
          aria-sort="other"
          class="p-0 text-left text-xs font-medium text-gray-500 capitalize tracking-wider sticky top-0 z-10 shadow-[inset_0_-1px_0] shadow-[#E2E8F0] border-r last:border-r-0 border-[#E2E8F0] bg-white hover:bg-gray-100 transition-colors duration-200 ease-in-out"
          scope="col"
        >
          Name
        </th>
        <th
          aria-sort="other"
          class="p-0 text-left text-xs font-medium text-gray-500 capitalize tracking-wider sticky top-0 z-10 shadow-[inset_0_-1px_0] shadow-[#E2E8F0] border-r last:border-r-0 border-[#E2E8F0] bg-white hover:bg-gray-100 transition-colors duration-200 ease-in-out"
          scope="col"
        >
          Age
        </th>
      </tr>
    </thead>
  </table>
</div>
`;
