// Vitest Snapshot v1, https://vitest.dev/guide/snapshot.html

exports[`<Table /> > Rendering > should match snapshot 1`] = `
<div>
  <article
    class="flex flex-col gap-4 overflow-hidden"
  >
    <div
      class="flex-1 overflow-auto border border-[#E2E8F0]"
    >
      <table
        class="min-w-full table-fixed overflow-auto text-gray-800"
      >
        <thead>
          <tr>
            <th
              aria-sort="other"
              class="p-0 text-left text-xs font-medium text-gray-500 capitalize tracking-wider sticky top-0 z-10 shadow-[inset_0_-1px_0] shadow-[#E2E8F0] border-r last:border-r-0 border-[#E2E8F0] bg-white hover:bg-gray-100 transition-colors duration-200 ease-in-out"
              scope="col"
            >
              id
            </th>
            <th
              aria-sort="other"
              class="p-0 text-left text-xs font-medium text-gray-500 capitalize tracking-wider sticky top-0 z-10 shadow-[inset_0_-1px_0] shadow-[#E2E8F0] border-r last:border-r-0 border-[#E2E8F0] bg-white hover:bg-gray-100 transition-colors duration-200 ease-in-out"
              scope="col"
            >
              name
            </th>
            <th
              aria-sort="other"
              class="p-0 text-left text-xs font-medium text-gray-500 capitalize tracking-wider sticky top-0 z-10 shadow-[inset_0_-1px_0] shadow-[#E2E8F0] border-r last:border-r-0 border-[#E2E8F0] bg-white hover:bg-gray-100 transition-colors duration-200 ease-in-out"
              scope="col"
            >
              age
            </th>
          </tr>
        </thead>
        <tbody
          class="bg-white"
        >
          <tr
            class="border-b last:border-b-0 border-[#E2E8F0] hover:bg-gray-50 transition-colors duration-200 ease-in-out"
          >
            <td
              class="px-6 py-4 whitespace-nowrap border-r last:border-r-0 border-[#E2E8F0]"
            >
              1
            </td>
            <td
              class="px-6 py-4 whitespace-nowrap border-r last:border-r-0 border-[#E2E8F0]"
            >
              Alice
            </td>
            <td
              class="px-6 py-4 whitespace-nowrap border-r last:border-r-0 border-[#E2E8F0]"
            >
              25
            </td>
          </tr>
          <tr
            class="border-b last:border-b-0 border-[#E2E8F0] hover:bg-gray-50 transition-colors duration-200 ease-in-out"
          >
            <td
              class="px-6 py-4 whitespace-nowrap border-r last:border-r-0 border-[#E2E8F0]"
            >
              2
            </td>
            <td
              class="px-6 py-4 whitespace-nowrap border-r last:border-r-0 border-[#E2E8F0]"
            >
              Bob
            </td>
            <td
              class="px-6 py-4 whitespace-nowrap border-r last:border-r-0 border-[#E2E8F0]"
            >
              30
            </td>
          </tr>
          <tr
            class="border-b last:border-b-0 border-[#E2E8F0] hover:bg-gray-50 transition-colors duration-200 ease-in-out"
          >
            <td
              class="px-6 py-4 whitespace-nowrap border-r last:border-r-0 border-[#E2E8F0]"
            >
              3
            </td>
            <td
              class="px-6 py-4 whitespace-nowrap border-r last:border-r-0 border-[#E2E8F0]"
            >
              Charlie
            </td>
            <td
              class="px-6 py-4 whitespace-nowrap border-r last:border-r-0 border-[#E2E8F0]"
            >
              35
            </td>
          </tr>
        </tbody>
      </table>
    </div>
  </article>
</div>
`;
